src/components/DuplicateView.tsx(47,52): error TS2339: Property 'closeDuplicateView' does not exist on type 'UIState'.
src/components/FileGrid.tsx(44,43): error TS2339: Property 'showToast' does not exist on type 'UIState'.
src/components/Sidebar.tsx(50,31): error TS2339: Property 'closeDuplicateView' does not exist on type 'UIState'.
src/components/Sidebar.tsx(204,47): error TS2339: Property 'openDuplicateView' does not exist on type 'UIState'.
src/components/Sidebar.tsx(223,47): error TS2339: Property 'closeDuplicateView' does not exist on type 'UIState'.
src/components/SortMenu.tsx(147,48): error TS2345: Argument of type '"date" | "size" | "type" | "name" | "accessCount" | "lastAccessed"' is not assignable to parameter of type '"date" | "size" | "type" | "name"'.
  Type '"accessCount"' is not assignable to type '"date" | "size" | "type" | "name"'.
src/stores/useUIStore.ts(58,52): error TS2739: Type '{ sidebarWidth: number; sidebarCollapsed: false; viewMode: "grid"; lightboxFile: any; sortBy: "name"; sortOrder: "asc"; searchQuery: string; settingsModalOpen: false; scanProgress: any; toasts: any[]; ... 25 more ...; setHoveredPreview: (id: string) => void; }' is missing the following properties from type 'UIState': setViewMode, addToast, setDuplicateViewOpen
src/stores/useUIStore.ts(94,65): error TS2345: Argument of type '(state: UIState) => { toasts: (ToastData | { id: string; message: any; type: string; duration: number; })[]; }' is not assignable to parameter of type 'UIState | Partial<UIState> | ((state: UIState) => UIState | Partial<UIState>)'.
  Type '(state: UIState) => { toasts: (ToastData | { id: string; message: any; type: string; duration: number; })[]; }' is not assignable to type '(state: UIState) => UIState | Partial<UIState>'.
    Type '{ toasts: (ToastData | { id: string; message: any; type: string; duration: number; })[]; }' is not assignable to type 'UIState | Partial<UIState>'.
      Type '{ toasts: (ToastData | { id: string; message: any; type: string; duration: number; })[]; }' is not assignable to type 'Partial<UIState>'.
        Types of property 'toasts' are incompatible.
          Type '(ToastData | { id: string; message: any; type: string; duration: number; })[]' is not assignable to type 'ToastData[]'.
            Type 'ToastData | { id: string; message: any; type: string; duration: number; }' is not assignable to type 'ToastData'.
              Type '{ id: string; message: any; type: string; duration: number; }' is not assignable to type 'ToastData'.
                Types of property 'type' are incompatible.
                  Type 'string' is not assignable to type '"success" | "error" | "info"'.
